// Jest Snapshot v1, https://goo.gl/fbAQLP

exports[`HomePage renders homepage unchanged 1`] = `
<div>
  <div>
    <nav
      class="nav"
    >
      <a
        href="/"
      >
        Home
      </a>
      <a
        href="/products"
      >
        Shop
      </a>
      <a
        href="/cart"
      >
        Cart
      </a>
    </nav>
    <h1>
      Hello
    </h1>
  </div>
</div>
`;
